mul.cc:161:7:void* tflite::ops::micro::mul::Init(TfLiteContext*, const char*, size_t)	8	static
mul.cc:166:14:TfLiteStatus tflite::ops::micro::mul::Prepare(TfLiteContext*, TfLiteNode*)	64	static
types.h:202:3:tflite::RuntimeShape::~RuntimeShape()	8	static
types.h:213:18:int32_t tflite::RuntimeShape::Dims(int) const	8	static
types.h:218:15:void tflite::RuntimeShape::SetDim(int, int32_t)	8	static
types.h:237:15:void tflite::RuntimeShape::Resize(int)	16	static
types.h:289:14:int tflite::RuntimeShape::FlatSize() const	8	static
types.h:304:3:tflite::RuntimeShape::RuntimeShape(int, const tflite::RuntimeShape&, int)	24	static
types.h:403:12:int tflite::Offset(const tflite::RuntimeShape&, int, int, int, int)	16	static
common.h:727:12:int tflite::SubscriptToIndex(const tflite::NdArrayDesc<4>&, int, int, int, int)	16	static
process_broadcast_shapes.h:38:13:bool tflite::reference_ops::ProcessBroadcastShapes(const tflite::RuntimeShape&, const tflite::RuntimeShape&, tflite::ArithmeticParams*)	96	static
kernel_util.h:31:26:TfLiteEvalTensor* tflite::micro::GetMutableEvalInput(const TfLiteContext*, const TfLiteNode*, int)	8	static
mul.cc:207:20:TfLiteRegistration tflite::ops::micro::Register_MUL()	16	static
common.h:809:13:void tflite::CopyDimsToDesc(const tflite::RuntimeShape&, tflite::NdArrayDesc<N>*) [with int N = 4]	24	static
common.h:820:13:void tflite::NdArrayDescsForElementwiseBroadcast(const tflite::RuntimeShape&, const tflite::RuntimeShape&, tflite::NdArrayDesc<N>*, tflite::NdArrayDesc<N>*) [with int N = 4]	80	static
mul.h:115:6:void tflite::reference_ops::BroadcastMul4DSlow(const tflite::ArithmeticParams&, const tflite::RuntimeShape&, const T*, const tflite::RuntimeShape&, const T*, const tflite::RuntimeShape&, T*) [with T = float]	144	static
mul.cc:131:6:void tflite::ops::micro::mul::EvalFloat(TfLiteContext*, TfLiteNode*, TfLiteMulParams*, const tflite::ops::micro::mul::{anonymous}::OpData*, const TfLiteEvalTensor*, const TfLiteEvalTensor*, TfLiteEvalTensor*)	280	static
mul.h:89:13:void tflite::reference_integer_ops::BroadcastMul4DSlow(const tflite::ArithmeticParams&, const tflite::RuntimeShape&, const T*, const tflite::RuntimeShape&, const T*, const tflite::RuntimeShape&, T*) [with T = signed char]	144	static
mul.cc:92:6:void tflite::ops::micro::mul::EvalQuantized(TfLiteContext*, TfLiteNode*, const tflite::ops::micro::mul::{anonymous}::OpData*, const TfLiteEvalTensor*, const TfLiteEvalTensor*, TfLiteEvalTensor*)	320	static
mul.cc:176:14:TfLiteStatus tflite::ops::micro::mul::Eval(TfLiteContext*, TfLiteNode*)	32	static
