pooling.cc:141:7:void* tflite::{anonymous}::Init(TfLiteContext*, const char*, size_t)	8	static
pooling.cc:146:14:TfLiteStatus tflite::{anonymous}::MaxPrepare(TfLiteContext*, TfLiteNode*)	8	static
types.h:263:12:int tflite::MatchingDim(const tflite::RuntimeShape&, int, const tflite::RuntimeShape&, int)	8	static
pooling.cc:153:14:TfLiteStatus tflite::{anonymous}::AveragePrepare(TfLiteContext*, TfLiteNode*)	72	static
kernel_util.h:31:26:TfLiteEvalTensor* tflite::micro::GetMutableEvalInput(const TfLiteContext*, const TfLiteNode*, int)	8	static
kernel_util.h:46:26:TfLiteEvalTensor* tflite::micro::GetEvalOutput(const TfLiteContext*, const TfLiteNode*, int)	8	static
pooling.cc:183:14:TfLiteStatus tflite::{anonymous}::AverageEval(TfLiteContext*, TfLiteNode*)	176	static
pooling.cc:212:14:TfLiteStatus tflite::{anonymous}::MaxEval(TfLiteContext*, TfLiteNode*)	176	static
pooling.cc:242:20:TfLiteRegistration tflite::Register_AVERAGE_POOL_2D()	16	static
pooling.cc:253:20:TfLiteRegistration tflite::Register_MAX_POOL_2D()	16	static
