OV7670.c:371:12:ov7670_read_i2c	24	static
OV7670.c:382:12:ov7670_write_i2c	16	static
OV7670.c:396:12:ov7670_read	24	static
OV7670.c:407:12:ov7670_write	16	static
OV7670.c:418:12:ov7670_update_bits	24	static
OV7670.c:435:12:ov7670_write_array	24	static
OV7670.c:452:12:ov7670_reset	16	static
OV7670.c:464:12:ov7670_init	16	static
OV7670.c:474:12:ov7670_detect	24	static
OV7670.c:512:13:ov7675_get_framerate	24	static
OV7670.c:537:12:ov7675_apply_framerate	24	static
OV7670.c:555:12:ov7675_set_framerate	24	static
OV7670.c:601:13:ov7670_get_framerate_legacy	16	static
OV7670.c:616:12:ov7670_set_framerate_legacy	24	static
OV7670.c:647:12:ov7670_set_hw	32	static
OV7670.c:688:12:ov7670_enum_mbus_code	16	static
OV7670.c:702:12:ov7670_try_fmt_internal	56	static
OV7670.c:762:12:ov7670_apply_fmt	40	static
OV7670.c:832:12:ov7670_set_fmt	24	static
OV7670.c:865:12:ov7670_get_fmt	32	static
OV7670.c:895:12:ov7670_g_frame_interval	16	static
OV7670.c:906:12:ov7670_s_frame_interval	24	static
OV7670.c:924:12:ov7670_enum_frame_interval	32	static
OV7670.c:960:12:ov7670_enum_frame_size	48	static
OV7670.c:997:12:ov7670_store_cmatrix	32	static
OV7670.c:1053:12:ov7670_sine	24	static
OV7670.c:1076:12:ov7670_cosine	16	static
OV7670.c:1092:13:ov7670_calc_cmatrix	64	static
OV7670.c:1125:12:ov7670_s_sat_hue	48	static
OV7670.c:1139:22:ov7670_abs_to_sm	16	static
OV7670.c:1151:12:ov7670_s_brightness	24	static
OV7670.c:1167:12:ov7670_s_contrast	16	static
OV7670.c:1177:12:ov7670_s_hflip	24	static
OV7670.c:1198:12:ov7670_s_vflip	24	static
OV7670.c:1222:12:ov7670_g_gain	24	static
OV7670.c:1239:12:ov7670_s_gain	24	static
OV7670.c:1259:12:ov7670_s_autogain	24	static
OV7670.c:1280:12:ov7670_s_exp	32	static
OV7670.c:1308:12:ov7670_s_autoexp	24	static
OV7670.c:1341:12:ov7670_s_test_pattern	24	static
OV7670.c:1359:12:ov7670_g_volatile_ctrl	16	static
OV7670.c:1376:12:ov7670_s_ctrl	16	static
OV7670.c:1420:13:ov7670_power_on	16	static
OV7670.c:1441:13:ov7670_power_off	16	static
OV7670.c:1459:12:ov7670_s_power	16	static
OV7670.c:1541:6:ov7670_initialization	8	static
