OV7670.c:367:12:ov7670_read_i2c	24	static
OV7670.c:378:12:ov7670_write_i2c	16	static
OV7670.c:392:12:ov7670_read	24	static
OV7670.c:403:12:ov7670_write	16	static
OV7670.c:414:12:ov7670_update_bits	24	static
OV7670.c:431:12:ov7670_write_array	24	static
OV7670.c:448:12:ov7670_reset	16	static
OV7670.c:460:12:ov7670_init	16	static
OV7670.c:470:12:ov7670_detect	24	static
OV7670.c:508:13:ov7675_get_framerate	24	static
OV7670.c:533:12:ov7675_apply_framerate	24	static
OV7670.c:551:12:ov7675_set_framerate	24	static
OV7670.c:597:13:ov7670_get_framerate_legacy	16	static
OV7670.c:612:12:ov7670_set_framerate_legacy	24	static
OV7670.c:643:12:ov7670_set_hw	32	static
OV7670.c:684:12:ov7670_enum_mbus_code	16	static
OV7670.c:698:12:ov7670_try_fmt_internal	56	static
OV7670.c:758:12:ov7670_apply_fmt	40	static
OV7670.c:828:12:ov7670_set_fmt	24	static
OV7670.c:861:12:ov7670_get_fmt	32	static
OV7670.c:891:12:ov7670_g_frame_interval	16	static
OV7670.c:902:12:ov7670_s_frame_interval	24	static
OV7670.c:920:12:ov7670_enum_frame_interval	32	static
OV7670.c:956:12:ov7670_enum_frame_size	48	static
OV7670.c:993:12:ov7670_store_cmatrix	32	static
OV7670.c:1049:12:ov7670_sine	24	static
OV7670.c:1072:12:ov7670_cosine	16	static
OV7670.c:1088:13:ov7670_calc_cmatrix	64	static
OV7670.c:1121:12:ov7670_s_sat_hue	48	static
OV7670.c:1135:22:ov7670_abs_to_sm	16	static
OV7670.c:1147:12:ov7670_s_brightness	24	static
OV7670.c:1163:12:ov7670_s_contrast	16	static
OV7670.c:1173:12:ov7670_s_hflip	24	static
OV7670.c:1194:12:ov7670_s_vflip	24	static
OV7670.c:1218:12:ov7670_g_gain	24	static
OV7670.c:1235:12:ov7670_s_gain	24	static
OV7670.c:1255:12:ov7670_s_autogain	24	static
OV7670.c:1276:12:ov7670_s_exp	32	static
OV7670.c:1304:12:ov7670_s_autoexp	24	static
OV7670.c:1337:12:ov7670_s_test_pattern	24	static
OV7670.c:1355:12:ov7670_g_volatile_ctrl	16	static
OV7670.c:1372:12:ov7670_s_ctrl	16	static
OV7670.c:1416:13:ov7670_power_on	16	static
OV7670.c:1437:13:ov7670_power_off	16	static
OV7670.c:1455:12:ov7670_s_power	16	static
OV7670.c:1537:6:ov7670_initialization	8	static
