common.c:24:5:TfLiteIntArrayGetSizeInBytes	0	static
common.c:41:5:TfLiteIntArrayEqualsArray	12	static
common.c:35:5:TfLiteIntArrayEqual	0	static
common.c:53:17:TfLiteIntArrayCreate	8	static
common.c:62:17:TfLiteIntArrayCopy	16	static
common.c:71:6:TfLiteIntArrayFree	0	static
common.c:75:5:TfLiteFloatArrayGetSizeInBytes	0	static
common.c:88:19:TfLiteFloatArrayCreate	8	static
common.c:95:6:TfLiteFloatArrayFree	0	static
common.c:97:6:TfLiteTensorDataFree	8	static
common.c:105:6:TfLiteQuantizationFree	16	static
common.c:123:6:TfLiteSparsityFree	16	static
common.c:156:6:TfLiteTensorFree	16	static
common.c:171:6:TfLiteTensorReset	24	static
common.c:191:6:TfLiteTensorRealloc	16	static
common.c:206:13:TfLiteTypeGetName	0	static
common.c:246:16:TfLiteDelegateCreate	8	static
