touch_driver.c:42:6:adc_select_x	56	static
touch_driver.c:67:6:adc_select_y	56	static
touch_driver.c:328:6:EXTI3_TOUCH_Callback	8	static
touch_driver.c:92:6:adc_select_channel	56	static
touch_driver.c:135:10:adc_median_measurement	40	static
touch_driver.c:195:10:adc_mean_measurement	16	static
touch_driver.c:287:6:init_TOUCH_YU_as_interrupt	40	static
touch_driver.c:346:6:touch_init	8	static
touch_driver.c:428:10:iir_filter	12	static
touch_driver.c:458:10:x_iir_filter	12	static
touch_driver.c:154:10:x_adc_iir_measurement	40	static
touch_driver.c:488:10:y_iir_filter	12	static
touch_driver.c:173:10:y_adc_iir_measurement	40	static
touch_driver.c:229:21:touch_read_coordinates	24	static
touch_driver.c:372:6:touch_process	16	static
