touch_driver.c:42:6:adc_select_x	56	static
touch_driver.c:67:6:adc_select_y	56	static
touch_driver.c:331:6:EXTI3_TOUCH_Callback	8	static
touch_driver.c:92:6:adc_select_channel	56	static
touch_driver.c:135:10:adc_median_measurement	40	static
touch_driver.c:204:10:adc_mean_measurement	16	static
touch_driver.c:290:6:init_TOUCH_YU_as_interrupt	40	static
touch_driver.c:349:6:touch_init	8	static
touch_driver.c:437:10:iir_filter	12	static
touch_driver.c:468:10:x_iir_filter	12	static
touch_driver.c:154:10:x_adc_iir_measurement	40	static
touch_driver.c:499:10:y_iir_filter	12	static
touch_driver.c:176:10:y_adc_iir_measurement	48	static
touch_driver.c:238:21:touch_read_coordinates	24	static
touch_driver.c:375:6:touch_process	40	static
