ov7670.c:226:6:ov7670_saturation	16	static
ov7670.c:242:6:ov7670_frame_control	24	static
ov7670.c:263:6:ov7670_scaling_control	24	static
ov7670.c:286:6:ov7670_subsampling_control	16	static
ov7670.c:304:6:ov7670_test_pattern	16	static
ov7670.c:317:6:ov7670_write_register	16	static
ov7670.c:327:9:ov7670_read_register	16	static
ov7670.c:337:6:ov7670_write_array	16	static
ov7670.c:351:6:ov7670_set_mode	24	static
ov7670.c:406:6:ov7670_init1	8	static
ov7670.c:435:6:EXTI0_HREF_Callback	8	static
ov7670.c:455:6:EXTI1_VSYNC_Callback	8	static
