activations.cc:132:7:void* tflite::ops::micro::activations::ReluInit(TfLiteContext*, const char*, size_t)	8	static
activations.cc:195:7:void* tflite::ops::micro::activations::Relu6Init(TfLiteContext*, const char*, size_t)	8	static
activations.cc:200:14:TfLiteStatus tflite::ops::micro::activations::Relu6Prepare(TfLiteContext*, TfLiteNode*)	32	static
types.h:202:3:tflite::RuntimeShape::~RuntimeShape()	8	static
types.h:213:18:int32_t tflite::RuntimeShape::Dims(int) const	8	static
types.h:519:12:int tflite::MatchingFlatSize(const tflite::RuntimeShape&, const tflite::RuntimeShape&)	24	static
common.h:156:16:int32_t tflite::MultiplyByQuantizedMultiplier(int32_t, int32_t, int)	16	static
tensor_ctypes.h:34:21:tflite::RuntimeShape tflite::GetTensorShape(const TfLiteTensor*)	16	static
activations.cc:137:14:TfLiteStatus tflite::ops::micro::activations::ReluPrepare(TfLiteContext*, TfLiteNode*)	88	static
kernel_util.h:31:26:TfLiteEvalTensor* tflite::micro::GetMutableEvalInput(const TfLiteContext*, const TfLiteNode*, int)	8	static
kernel_util.h:46:26:TfLiteEvalTensor* tflite::micro::GetEvalOutput(const TfLiteContext*, const TfLiteNode*, int)	8	static
activations.cc:220:14:TfLiteStatus tflite::ops::micro::activations::Relu6Eval(TfLiteContext*, TfLiteNode*)	72	static
activations.cc:155:14:TfLiteStatus tflite::ops::micro::activations::ReluEval(TfLiteContext*, TfLiteNode*)	72	static
activations.cc:264:20:TfLiteRegistration tflite::ops::micro::Register_RELU()	16	static
activations.cc:275:20:TfLiteRegistration tflite::ops::micro::Register_RELU6()	16	static
