batch_to_space_nd.cc:40:14:TfLiteStatus tflite::{anonymous}::Prepare(TfLiteContext*, TfLiteNode*)	40	static
runtime_shape.h:119:12:int tflite::Offset(const tflite::RuntimeShape&, int, int, int, int)	16	static
batch_to_space_nd.h:27:21:tflite::RuntimeShape tflite::reference_ops::ExtendShapeBatchToSpace(const tflite::RuntimeShape&)	40	static
kernel_util.h:31:26:TfLiteEvalTensor* tflite::micro::GetMutableEvalInput(const TfLiteContext*, const TfLiteNode*, int)	8	static
batch_to_space_nd.cc:100:20:TfLiteRegistration tflite::Register_BATCH_TO_SPACE_ND()	16	static
batch_to_space_nd.h:39:13:void tflite::reference_ops::BatchToSpaceND(const tflite::RuntimeShape&, const T*, const tflite::RuntimeShape&, const int32_t*, const tflite::RuntimeShape&, const int32_t*, const tflite::RuntimeShape&, T*) [with T = float]	152	static
batch_to_space_nd.h:39:13:void tflite::reference_ops::BatchToSpaceND(const tflite::RuntimeShape&, const T*, const tflite::RuntimeShape&, const int32_t*, const tflite::RuntimeShape&, const int32_t*, const tflite::RuntimeShape&, T*) [with T = signed char]	152	static
batch_to_space_nd.cc:57:14:TfLiteStatus tflite::{anonymous}::Eval(TfLiteContext*, TfLiteNode*)	216	static
