flexbuffers.h:846:26:int flexbuffers::KeyCompare(const void*, const void*) [with T = long long unsigned int]	0	static
flexbuffers.h:846:26:int flexbuffers::KeyCompare(const void*, const void*) [with T = unsigned char]	0	static
flexbuffers.h:846:26:int flexbuffers::KeyCompare(const void*, const void*) [with T = short unsigned int]	0	static
flexbuffers.h:846:26:int flexbuffers::KeyCompare(const void*, const void*) [with T = long unsigned int]	0	static
circular_buffer.cc:88:14:TfLiteStatus tflite::ops::micro::circular_buffer::Prepare(TfLiteContext*, TfLiteNode*)	48	static
circular_buffer.cc:139:6:void tflite::ops::micro::circular_buffer::EvalInt8(const int8_t*, int, int, int8_t*)	16	static
circular_buffer.cc:144:14:TfLiteStatus tflite::ops::micro::circular_buffer::Eval(TfLiteContext*, TfLiteNode*)	16	static
circular_buffer.cc:179:21:TfLiteRegistration* tflite::ops::micro::Register_CIRCULAR_BUFFER()	0	static
util.h:291:13:bool flatbuffers::StringToIntegerImpl(T*, const char*, int, bool) [with T = long long int]	32	static
flexbuffers.h:136:3:R flexbuffers::ReadSizedScalar(const uint8_t*, uint8_t) [with R = long long int; T1 = signed char; T2 = short int; T4 = long int; T8 = long long int]	0	static
flexbuffers.h:136:3:R flexbuffers::ReadSizedScalar(const uint8_t*, uint8_t) [with R = long long unsigned int; T1 = unsigned char; T2 = short unsigned int; T4 = long unsigned int; T8 = long long unsigned int]	0	static
flexbuffers.h:228:10:size_t flexbuffers::Sized::read_size() const	8	static
flexbuffers.h:853:18:flexbuffers::Reference flexbuffers::Map::operator[](const char*) const	56	static
flexbuffers.h:742:18:const uint8_t* flexbuffers::Reference::Indirect() const	8	static
flexbuffers.h:423:11:int64_t flexbuffers::Reference::AsInt64() const	24	static
circular_buffer.cc:72:7:void* tflite::ops::micro::circular_buffer::Init(TfLiteContext*, const char*, size_t)	40	static
