dequantize.cc:41:7:void* tflite::ops::micro::dequantize::Init(TfLiteContext*, const char*, size_t)	8	static
dequantize.cc:46:14:TfLiteStatus tflite::ops::micro::dequantize::Prepare(TfLiteContext*, TfLiteNode*)	40	static
types.h:202:3:tflite::RuntimeShape::~RuntimeShape()	8	static
types.h:213:18:int32_t tflite::RuntimeShape::Dims(int) const	8	static
types.h:519:12:int tflite::MatchingFlatSize(const tflite::RuntimeShape&, const tflite::RuntimeShape&)	24	static
dequantize.cc:78:14:TfLiteStatus tflite::ops::micro::dequantize::Eval(TfLiteContext*, TfLiteNode*)	88	static
dequantize.cc:126:20:TfLiteRegistration tflite::ops::micro::Register_DEQUANTIZE()	16	static
