elu.cc:100:7:void* tflite::{anonymous}::EluInit(TfLiteContext*, const char*, size_t)	8	static
elu.cc:108:14:TfLiteStatus tflite::{anonymous}::EluPrepare(TfLiteContext*, TfLiteNode*)	64	static
types.h:202:3:tflite::RuntimeShape::~RuntimeShape()	8	static
types.h:213:18:int32_t tflite::RuntimeShape::Dims(int) const	8	static
types.h:519:12:int tflite::MatchingFlatSize(const tflite::RuntimeShape&, const tflite::RuntimeShape&)	24	static
elu.cc:112:14:TfLiteStatus tflite::{anonymous}::EluEval(TfLiteContext*, TfLiteNode*)	72	static
elu.cc:140:20:TfLiteRegistration tflite::Register_ELU()	16	static
