round.cc:31:14:TfLiteStatus tflite::ops::micro::round::Prepare(TfLiteContext*, TfLiteNode*)	40	static
types.h:202:3:tflite::RuntimeShape::~RuntimeShape()	8	static
types.h:213:18:int32_t tflite::RuntimeShape::Dims(int) const	8	static
round.h:37:13:void tflite::reference_ops::Round(const tflite::RuntimeShape&, const float*, const tflite::RuntimeShape&, float*)	48	static
round.cc:48:14:TfLiteStatus tflite::ops::micro::round::Eval(TfLiteContext*, TfLiteNode*)	64	static
round.cc:63:20:TfLiteRegistration tflite::ops::micro::Register_ROUND()	16	static
