split_v.cc:74:14:TfLiteStatus tflite::ops::micro::split_v::Prepare(TfLiteContext*, TfLiteNode*)	24	static
kernel_util.h:31:26:TfLiteEvalTensor* tflite::micro::GetMutableEvalInput(const TfLiteContext*, const TfLiteNode*, int)	8	static
kernel_util.h:46:26:TfLiteEvalTensor* tflite::micro::GetEvalOutput(const TfLiteContext*, const TfLiteNode*, int)	8	static
split_v.cc:122:20:TfLiteRegistration tflite::ops::micro::Register_SPLIT_V()	16	static
split_v.cc:29:14:TfLiteStatus tflite::ops::micro::split_v::SplitImpl(TfLiteContext*, TfLiteNode*, const TfLiteEvalTensor*, int) [with T = float]	64	static
split_v.cc:29:14:TfLiteStatus tflite::ops::micro::split_v::SplitImpl(TfLiteContext*, TfLiteNode*, const TfLiteEvalTensor*, int) [with T = signed char]	64	static
split_v.cc:29:14:TfLiteStatus tflite::ops::micro::split_v::SplitImpl(TfLiteContext*, TfLiteNode*, const TfLiteEvalTensor*, int) [with T = short int]	64	static
split_v.cc:29:14:TfLiteStatus tflite::ops::micro::split_v::SplitImpl(TfLiteContext*, TfLiteNode*, const TfLiteEvalTensor*, int) [with T = long int]	64	static
split_v.cc:87:14:TfLiteStatus tflite::ops::micro::split_v::Eval(TfLiteContext*, TfLiteNode*)	24	static
