split.cc:70:14:TfLiteStatus tflite::ops::micro::split::Prepare(TfLiteContext*, TfLiteNode*)	24	static
kernel_util.h:31:26:TfLiteEvalTensor* tflite::micro::GetMutableEvalInput(const TfLiteContext*, const TfLiteNode*, int)	8	static
kernel_util.h:46:26:TfLiteEvalTensor* tflite::micro::GetEvalOutput(const TfLiteContext*, const TfLiteNode*, int)	8	static
split.cc:119:20:TfLiteRegistration tflite::ops::micro::Register_SPLIT()	16	static
split.cc:28:14:TfLiteStatus tflite::ops::micro::split::SplitImpl(TfLiteContext*, TfLiteNode*, const TfLiteEvalTensor*, int) [with T = float]	64	static
split.cc:28:14:TfLiteStatus tflite::ops::micro::split::SplitImpl(TfLiteContext*, TfLiteNode*, const TfLiteEvalTensor*, int) [with T = signed char]	64	static
split.cc:28:14:TfLiteStatus tflite::ops::micro::split::SplitImpl(TfLiteContext*, TfLiteNode*, const TfLiteEvalTensor*, int) [with T = short int]	64	static
split.cc:28:14:TfLiteStatus tflite::ops::micro::split::SplitImpl(TfLiteContext*, TfLiteNode*, const TfLiteEvalTensor*, int) [with T = long int]	64	static
split.cc:82:14:TfLiteStatus tflite::ops::micro::split::Eval(TfLiteContext*, TfLiteNode*)	24	static
