gthr-default.h:229:1:int __gthread_key_delete(__gthread_key_t)	16	static
runtime_shape.h:30:3:tflite::RuntimeShape::RuntimeShape()	16	static
runtime_shape.h:40:3:tflite::RuntimeShape::RuntimeShape(int, const int32_t*)	24	static
runtime_shape.h:51:3:tflite::RuntimeShape::~RuntimeShape()	16	static
runtime_shape.h:53:11:int32_t tflite::RuntimeShape::DimensionsCount() const	16	static
runtime_shape.h:54:11:int32_t tflite::RuntimeShape::Dims(int) const	16	static
runtime_shape.h:69:12:int32_t* tflite::RuntimeShape::DimsData()	16	static
runtime_shape.h:72:8:void tflite::RuntimeShape::ReplaceWith(int, const int32_t*)	32	static
types.h:263:12:int tflite::MatchingDim(const tflite::RuntimeShape&, int, const tflite::RuntimeShape&, int)	40	static
tensor_ctypes.h:34:21:tflite::RuntimeShape tflite::GetTensorShape(const TfLiteTensor*)	32	static
kernel_util.h:31:26:TfLiteEvalTensor* tflite::micro::GetMutableEvalInput(const TfLiteContext*, const TfLiteNode*, int)	24	static
kernel_util.h:40:32:const TfLiteEvalTensor* tflite::micro::GetEvalInput(const TfLiteContext*, const TfLiteNode*, int)	24	static
kernel_util.h:46:26:TfLiteEvalTensor* tflite::micro::GetEvalOutput(const TfLiteContext*, const TfLiteNode*, int)	24	static
pooling.cc:37:6:void tflite::{anonymous}::AverageEvalQuantized(TfLiteContext*, const TfLiteNode*, const TfLitePoolParams*, const tflite::{anonymous}::OpData&, const TfLiteEvalTensor*, TfLiteEvalTensor*)	184	static
pooling.cc:91:14:TfLiteStatus tflite::{anonymous}::MaxEvalInt8(TfLiteContext*, const TfLiteNode*, const TfLitePoolParams*, const tflite::{anonymous}::OpData&, const TfLiteEvalTensor*, TfLiteEvalTensor*)	184	static
pooling.cc:141:7:void* tflite::{anonymous}::Init(TfLiteContext*, const char*, size_t)	24	static
pooling.cc:146:14:TfLiteStatus tflite::{anonymous}::MaxPrepare(TfLiteContext*, TfLiteNode*)	24	static
pooling.cc:153:14:TfLiteStatus tflite::{anonymous}::AveragePrepare(TfLiteContext*, TfLiteNode*)	104	static
pooling.cc:183:14:TfLiteStatus tflite::{anonymous}::AverageEval(TfLiteContext*, TfLiteNode*)	48	static
pooling.cc:212:14:TfLiteStatus tflite::{anonymous}::MaxEval(TfLiteContext*, TfLiteNode*)	48	static
pooling.cc:242:20:TfLiteRegistration tflite::Register_AVERAGE_POOL_2D()	24	static
pooling.cc:253:20:TfLiteRegistration tflite::Register_MAX_POOL_2D()	24	static
stl_algobase.h:198:5:constexpr const _Tp& std::min(const _Tp&, const _Tp&) [with _Tp = long int]	16	static
kernel_util.h:61:10:const T* tflite::micro::GetTensorData(const TfLiteEvalTensor*) [with T = signed char]	16	static
kernel_util.h:55:4:T* tflite::micro::GetTensorData(TfLiteEvalTensor*) [with T = signed char]	16	static
